[0.006s][info][gc] Using Serial
[3.937s][info][gc] GC(0) Pause Young (Allocation Failure) 4M->2M(15M) 2.794ms
[3.998s][info][gc] GC(1) Pause Young (Allocation Failure) 6M->2M(15M) 2.467ms
[4.042s][info][gc] GC(2) Pause Young (Allocation Failure) 7M->4M(15M) 3.127ms
[4.068s][info][gc] GC(3) Pause Young (Allocation Failure) 8M->4M(15M) 1.478ms
[4.197s][info][gc] GC(4) Pause Young (Allocation Failure) 9M->5M(15M) 1.836ms
[4.286s][info][gc] GC(5) Pause Young (Allocation Failure) 9M->6M(15M) 2.682ms
[21.329s][info][gc] GC(6) Pause Young (Allocation Failure) 10M->6M(15M) 2.650ms
[37.169s][info][gc] GC(7) Pause Young (Allocation Failure) 10M->8M(15M) 2.224ms
[37.180s][info][gc] GC(8) Pause Young (Allocation Failure) 12M->10M(15M) 2.659ms
[37.198s][info][gc] GC(9) Pause Young (Allocation Failure) 14M->14M(15M) 0.027ms
[37.212s][info][gc] GC(10) Pause Full (Allocation Failure) 14M->8M(15M) 14.865ms
[37.223s][info][gc] GC(11) Pause Young (Allocation Failure) 12M->10M(15M) 3.088ms
[37.231s][info][gc] GC(12) Pause Young (Allocation Failure) 15M->15M(15M) 0.024ms
[37.243s][info][gc] GC(13) Pause Full (Allocation Failure) 15M->8M(15M) 12.898ms
[37.251s][info][gc] GC(14) Pause Young (Allocation Failure) 13M->13M(15M) 0.024ms
[37.262s][info][gc] GC(15) Pause Full (Allocation Failure) 13M->8M(15M) 10.788ms
[37.272s][info][gc] GC(16) Pause Young (Allocation Failure) 12M->10M(15M) 2.942ms
[37.278s][info][gc] GC(17) Pause Young (Allocation Failure) 15M->15M(15M) 0.033ms
[37.292s][info][gc] GC(18) Pause Full (Allocation Failure) 15M->8M(15M) 13.421ms
[37.302s][info][gc] GC(19) Pause Young (Allocation Failure) 12M->10M(15M) 3.071ms
[37.307s][info][gc] GC(20) Pause Young (Allocation Failure) 15M->15M(15M) 0.025ms
[37.318s][info][gc] GC(21) Pause Full (Allocation Failure) 15M->8M(15M) 11.310ms
[37.324s][info][gc] GC(22) Pause Young (Allocation Failure) 12M->12M(15M) 0.026ms
[37.335s][info][gc] GC(23) Pause Full (Allocation Failure) 12M->8M(15M) 10.771ms
[37.340s][info][gc] GC(24) Pause Young (Allocation Failure) 12M->12M(15M) 0.024ms
[37.352s][info][gc] GC(25) Pause Full (Allocation Failure) 12M->9M(15M) 11.772ms
[37.355s][info][gc] GC(26) Pause Young (Allocation Failure) 13M->13M(15M) 0.022ms
[37.369s][info][gc] GC(27) Pause Full (Allocation Failure) 13M->10M(15M) 13.677ms
[37.386s][info][gc] GC(28) Pause Full (Allocation Failure) 15M->11M(15M) 12.575ms
[37.403s][info][gc] GC(29) Pause Full (Allocation Failure) 15M->10M(15M) 11.977ms
[37.407s][info][gc] GC(30) Pause Young (Allocation Failure) 14M->14M(15M) 0.021ms
[37.420s][info][gc] GC(31) Pause Full (Allocation Failure) 14M->12M(15M) 13.129ms
[37.437s][info][gc] GC(32) Pause Full (Allocation Failure) 15M->13M(15M) 15.070ms
[37.454s][info][gc] GC(33) Pause Full (Allocation Failure) 15M->14M(15M) 14.023ms
[37.468s][info][gc] GC(34) Pause Full (Allocation Failure) 15M->15M(15M) 13.489ms
[37.483s][info][gc] GC(35) Pause Full (Allocation Failure) 15M->15M(15M) 14.435ms
[37.499s][info][gc] GC(36) Pause Full (Allocation Failure) 15M->15M(15M) 14.692ms
[37.513s][info][gc] GC(37) Pause Full (Allocation Failure) 15M->15M(15M) 13.534ms
[38.346s][info][gc] GC(38) Pause Full (Allocation Failure) 15M->4M(15M) 11.112ms
[76.363s][info][gc] GC(39) Pause Young (Allocation Failure) 8M->4M(15M) 0.576ms
[89.878s][info][gc] GC(40) Pause Young (Allocation Failure) 9M->6M(15M) 2.483ms
[89.886s][info][gc] GC(41) Pause Young (Allocation Failure) 10M->9M(15M) 2.683ms
[89.890s][info][gc] GC(42) Pause Young (Allocation Failure) 13M->13M(15M) 0.018ms
[89.904s][info][gc] GC(43) Pause Full (Allocation Failure) 13M->9M(15M) 14.332ms
[89.907s][info][gc] GC(44) Pause Young (Allocation Failure) 13M->13M(15M) 0.018ms
[89.922s][info][gc] GC(45) Pause Full (Allocation Failure) 13M->11M(15M) 14.396ms
[89.943s][info][gc] GC(46) Pause Full (Allocation Failure) 15M->13M(15M) 15.475ms
[89.961s][info][gc] GC(47) Pause Full (Allocation Failure) 15M->14M(15M) 14.278ms
[89.978s][info][gc] GC(48) Pause Full (Allocation Failure) 15M->14M(15M) 15.326ms
[89.996s][info][gc] GC(49) Pause Full (Allocation Failure) 15M->14M(15M) 17.260ms
[90.011s][info][gc] GC(50) Pause Full (Allocation Failure) 15M->13M(15M) 12.956ms
[90.025s][info][gc] GC(51) Pause Full (Allocation Failure) 15M->12M(15M) 12.198ms
[90.041s][info][gc] GC(52) Pause Full (Allocation Failure) 15M->12M(15M) 12.348ms
[90.056s][info][gc] GC(53) Pause Full (Allocation Failure) 15M->14M(15M) 13.053ms
[90.072s][info][gc] GC(54) Pause Full (Allocation Failure) 15M->14M(15M) 13.486ms
[90.088s][info][gc] GC(55) Pause Full (Allocation Failure) 15M->15M(15M) 14.711ms
[90.102s][info][gc] GC(56) Pause Full (Allocation Failure) 15M->14M(15M) 13.060ms
[90.116s][info][gc] GC(57) Pause Full (Allocation Failure) 15M->13M(15M) 12.933ms
[90.130s][info][gc] GC(58) Pause Full (Allocation Failure) 15M->11M(15M) 11.426ms
[90.146s][info][gc] GC(59) Pause Full (Allocation Failure) 15M->10M(15M) 11.191ms
[90.149s][info][gc] GC(60) Pause Young (Allocation Failure) 14M->14M(15M) 0.018ms
[90.161s][info][gc] GC(61) Pause Full (Allocation Failure) 14M->11M(15M) 11.963ms
[90.177s][info][gc] GC(62) Pause Full (Allocation Failure) 15M->12M(15M) 13.047ms
[90.194s][info][gc] GC(63) Pause Full (Allocation Failure) 15M->13M(15M) 14.229ms
[90.210s][info][gc] GC(64) Pause Full (Allocation Failure) 15M->13M(15M) 13.351ms
[90.225s][info][gc] GC(65) Pause Full (Allocation Failure) 15M->13M(15M) 13.530ms
[90.241s][info][gc] GC(66) Pause Full (Allocation Failure) 15M->12M(15M) 13.026ms
[90.256s][info][gc] GC(67) Pause Full (Allocation Failure) 15M->11M(15M) 11.505ms
[90.271s][info][gc] GC(68) Pause Full (Allocation Failure) 15M->11M(15M) 11.552ms
[90.288s][info][gc] GC(69) Pause Full (Allocation Failure) 15M->13M(15M) 13.722ms
[90.306s][info][gc] GC(70) Pause Full (Allocation Failure) 15M->14M(15M) 15.173ms
[90.322s][info][gc] GC(71) Pause Full (Allocation Failure) 15M->14M(15M) 14.489ms
[90.336s][info][gc] GC(72) Pause Full (Allocation Failure) 15M->15M(15M) 12.909ms
[90.351s][info][gc] GC(73) Pause Full (Allocation Failure) 15M->15M(15M) 13.643ms
[90.366s][info][gc] GC(74) Pause Full (Allocation Failure) 15M->13M(15M) 13.529ms
[90.380s][info][gc] GC(75) Pause Full (Allocation Failure) 15M->11M(15M) 11.748ms
[90.397s][info][gc] GC(76) Pause Full (Allocation Failure) 15M->8M(15M) 11.433ms
[90.401s][info][gc] GC(77) Pause Young (Allocation Failure) 12M->12M(15M) 0.031ms
[90.412s][info][gc] GC(78) Pause Full (Allocation Failure) 12M->7M(15M) 10.523ms
[90.419s][info][gc] GC(79) Pause Young (Allocation Failure) 12M->10M(15M) 2.806ms
[90.423s][info][gc] GC(80) Pause Young (Allocation Failure) 14M->14M(15M) 0.023ms
[90.435s][info][gc] GC(81) Pause Full (Allocation Failure) 14M->8M(15M) 12.268ms
[90.438s][info][gc] GC(82) Pause Young (Allocation Failure) 12M->12M(15M) 0.022ms
[90.450s][info][gc] GC(83) Pause Full (Allocation Failure) 12M->11M(15M) 12.002ms
[90.468s][info][gc] GC(84) Pause Full (Allocation Failure) 15M->13M(15M) 13.837ms
[90.484s][info][gc] GC(85) Pause Full (Allocation Failure) 15M->14M(15M) 13.875ms
[90.500s][info][gc] GC(86) Pause Full (Allocation Failure) 15M->14M(15M) 15.034ms
[90.515s][info][gc] GC(87) Pause Full (Allocation Failure) 15M->15M(15M) 13.383ms
[90.530s][info][gc] GC(88) Pause Full (Allocation Failure) 15M->15M(15M) 14.433ms
[90.544s][info][gc] GC(89) Pause Full (Allocation Failure) 15M->14M(15M) 12.804ms
[90.559s][info][gc] GC(90) Pause Full (Allocation Failure) 15M->12M(15M) 13.477ms
[90.574s][info][gc] GC(91) Pause Full (Allocation Failure) 15M->11M(15M) 11.931ms
[90.590s][info][gc] GC(92) Pause Full (Allocation Failure) 15M->11M(15M) 11.996ms
[90.608s][info][gc] GC(93) Pause Full (Allocation Failure) 15M->10M(15M) 13.550ms
[90.625s][info][gc] GC(94) Pause Full (Allocation Failure) 15M->10M(15M) 11.947ms
