[0.006s][info][gc] Using G1
[3.322s][info][gc] GC(0) Pause Young (Normal) (G1 Evacuation Pause) 5M->2M(12M) 2.458ms
[3.343s][info][gc] GC(1) Pause Young (Normal) (G1 Evacuation Pause) 4M->3M(12M) 1.451ms
[3.370s][info][gc] GC(2) Pause Young (Normal) (G1 Evacuation Pause) 5M->3M(12M) 0.722ms
[3.403s][info][gc] GC(3) Pause Young (Normal) (G1 Evacuation Pause) 6M->3M(12M) 1.274ms
[3.422s][info][gc] GC(4) Pause Young (Normal) (G1 Evacuation Pause) 7M->4M(12M) 1.298ms
[3.563s][info][gc] GC(5) Pause Young (Normal) (G1 Evacuation Pause) 7M->4M(12M) 0.859ms
[3.622s][info][gc] GC(6) Pause Young (Normal) (G1 Evacuation Pause) 8M->4M(12M) 0.994ms
[3.704s][info][gc] GC(7) Pause Young (Normal) (G1 Evacuation Pause) 8M->4M(12M) 1.800ms
[23.732s][info][gc] GC(8) Pause Young (Normal) (G1 Evacuation Pause) 9M->6M(12M) 1.424ms
[32.544s][info][gc] GC(9) Pause Young (Concurrent Start) (G1 Humongous Allocation) 8M->6M(12M) 0.905ms
[32.544s][info][gc] GC(10) Concurrent Mark Cycle
[32.551s][info][gc] GC(10) Pause Remark 8M->8M(12M) 2.829ms
[32.552s][info][gc] GC(10) Pause Cleanup 9M->9M(12M) 0.028ms
[32.553s][info][gc] GC(10) Concurrent Mark Cycle 8.100ms
[32.553s][info][gc] GC(11) Pause Young (Prepare Mixed) (G1 Evacuation Pause) 10M->7M(12M) 0.666ms
[32.556s][info][gc] GC(12) Pause Young (Mixed) (G1 Evacuation Pause) 9M->7M(12M) 1.190ms
[32.559s][info][gc] GC(13) Pause Young (Concurrent Start) (G1 Evacuation Pause) 9M->7M(12M) 0.559ms
[32.559s][info][gc] GC(14) Concurrent Mark Cycle
[32.564s][info][gc] GC(14) Pause Remark 9M->9M(12M) 2.859ms
[32.564s][info][gc] GC(15) Pause Young (Normal) (G1 Evacuation Pause) 9M->7M(12M) 0.524ms
[32.566s][info][gc] GC(14) Pause Cleanup 8M->8M(12M) 0.019ms
[32.566s][info][gc] GC(14) Concurrent Mark Cycle 7.350ms
[32.567s][info][gc] GC(16) Pause Young (Prepare Mixed) (G1 Evacuation Pause) 9M->7M(12M) 0.454ms
[32.569s][info][gc] GC(17) Pause Young (Mixed) (G1 Evacuation Pause) 9M->7M(12M) 1.060ms
[32.572s][info][gc] GC(18) Pause Young (Concurrent Start) (G1 Evacuation Pause) 9M->7M(12M) 0.481ms
[32.572s][info][gc] GC(19) Concurrent Mark Cycle
[32.573s][info][gc] GC(20) Pause Young (Normal) (G1 Evacuation Pause) 9M->7M(12M) 0.239ms
[32.576s][info][gc] GC(19) Pause Remark 8M->8M(12M) 1.605ms
[32.576s][info][gc] GC(21) Pause Young (Normal) (G1 Evacuation Pause) 8M->7M(12M) 0.212ms
[32.577s][info][gc] GC(19) Pause Cleanup 8M->8M(12M) 0.013ms
[32.577s][info][gc] GC(19) Concurrent Mark Cycle 5.417ms
[32.577s][info][gc] GC(22) Pause Young (Prepare Mixed) (G1 Evacuation Pause) 8M->7M(12M) 0.152ms
[32.579s][info][gc] GC(23) Pause Young (Mixed) (G1 Evacuation Pause) 8M->7M(12M) 1.110ms
[32.580s][info][gc] GC(24) Pause Young (Concurrent Start) (G1 Evacuation Pause) 8M->7M(12M) 0.244ms
[32.580s][info][gc] GC(25) Concurrent Mark Cycle
[32.581s][info][gc] GC(26) Pause Young (Normal) (G1 Evacuation Pause) 8M->7M(12M) 0.151ms
[32.582s][info][gc] GC(27) Pause Young (Normal) (G1 Evacuation Pause) 8M->7M(12M) 0.169ms
[32.584s][info][gc] GC(25) Pause Remark 8M->8M(12M) 0.876ms
[32.584s][info][gc] GC(28) Pause Young (Normal) (G1 Evacuation Pause) 8M->7M(12M) 0.184ms
[32.585s][info][gc] GC(25) Pause Cleanup 8M->8M(12M) 0.014ms
[32.585s][info][gc] GC(25) Concurrent Mark Cycle 4.616ms
[32.585s][info][gc] GC(29) Pause Young (Prepare Mixed) (G1 Evacuation Pause) 8M->7M(12M) 0.172ms
[32.587s][info][gc] GC(30) Pause Young (Mixed) (G1 Evacuation Pause) 8M->7M(12M) 0.651ms
[32.588s][info][gc] GC(31) Pause Young (Concurrent Start) (G1 Humongous Allocation) 8M->7M(12M) 0.281ms
[32.588s][info][gc] GC(32) Concurrent Undo Cycle
[32.588s][info][gc] GC(32) Concurrent Undo Cycle 0.043ms
[34.745s][info][gc] GC(33) Pause Young (Normal) (G1 Evacuation Pause) 9M->6M(12M) 0.451ms
[53.761s][info][gc] GC(34) Pause Young (Normal) (G1 Evacuation Pause) 9M->7M(12M) 0.477ms
[73.781s][info][gc] GC(35) Pause Young (Normal) (G1 Evacuation Pause) 9M->6M(12M) 0.449ms
[93.766s][info][gc] GC(36) Pause Young (Normal) (G1 Evacuation Pause) 8M->6M(12M) 0.505ms
[113.780s][info][gc] GC(37) Pause Young (Normal) (G1 Evacuation Pause) 8M->6M(12M) 0.719ms
[132.833s][info][gc] GC(38) Pause Young (Normal) (G1 Evacuation Pause) 8M->5M(12M) 1.200ms
[163.804s][info][gc] GC(39) Pause Young (Normal) (G1 Evacuation Pause) 8M->5M(12M) 0.427ms
[169.896s][info][gc] GC(40) Pause Young (Concurrent Start) (G1 Humongous Allocation) 6M->5M(12M) 0.652ms
[169.896s][info][gc] GC(41) Concurrent Mark Cycle
[169.901s][info][gc] GC(41) Pause Remark 6M->6M(12M) 1.547ms
[169.903s][info][gc] GC(41) Pause Cleanup 6M->6M(12M) 0.022ms
[169.903s][info][gc] GC(41) Concurrent Mark Cycle 6.698ms
