[0.006s][info][gc] Using Serial
[1.049s][info][gc] GC(0) Pause Young (Allocation Failure) 3M->1M(11M) 2.105ms
[7.070s][info][gc] GC(1) Pause Young (Allocation Failure) 4M->2M(11M) 2.312ms
[7.112s][info][gc] GC(2) Pause Young (Allocation Failure) 5M->3M(11M) 1.416ms
[7.136s][info][gc] GC(3) Pause Young (Allocation Failure) 6M->4M(11M) 2.280ms
[7.153s][info][gc] GC(4) Pause Young (Allocation Failure) 7M->5M(11M) 2.406ms
[7.320s][info][gc] GC(5) Pause Young (Allocation Failure) 8M->6M(11M) 2.036ms
[7.367s][info][gc] GC(6) Pause Young (Allocation Failure) 9M->6M(11M) 1.616ms
[7.440s][info][gc] GC(7) Pause Young (Allocation Failure) 9M->7M(11M) 2.103ms
[17.441s][info][gc] GC(8) Pause Young (Allocation Failure) 10M->10M(11M) 0.031ms
[17.458s][info][gc] GC(9) Pause Full (Allocation Failure) 10M->5M(11M) 10.043ms
[19.691s][info][gc] GC(10) Pause Young (Allocation Failure) 8M->5M(11M) 1.500ms
[36.483s][info][gc] GC(11) Pause Young (Allocation Failure) 8M->6M(11M) 0.706ms
