[0.007s][info][gc] Using Serial
[1.044s][info][gc] GC(0) Pause Young (Allocation Failure) 3M->1M(11M) 2.103ms
[155.211s][info][gc] GC(1) Pause Young (Allocation Failure) 4M->4M(11M) 16.102ms
[155.215s][info][gc] GC(2) Pause Young (Allocation Failure) 7M->4M(11M) 0.613ms
[155.218s][info][gc] GC(3) Pause Young (Allocation Failure) 7M->4M(11M) 0.089ms
[155.221s][info][gc] GC(4) Pause Young (Allocation Failure) 7M->4M(11M) 0.160ms
[155.224s][info][gc] GC(5) Pause Young (Allocation Failure) 7M->4M(11M) 0.202ms
[155.227s][info][gc] GC(6) Pause Young (Allocation Failure) 8M->5M(11M) 0.062ms
[155.230s][info][gc] GC(7) Pause Young (Allocation Failure) 8M->5M(11M) 0.078ms
[155.232s][info][gc] GC(8) Pause Young (Allocation Failure) 8M->5M(11M) 0.143ms
[155.236s][info][gc] GC(9) Pause Young (Allocation Failure) 8M->5M(11M) 0.225ms
[188.347s][info][gc] GC(10) Pause Young (Allocation Failure) 8M->6M(11M) 0.935ms
[188.391s][info][gc] GC(11) Pause Young (Allocation Failure) 9M->6M(11M) 1.362ms
[188.438s][info][gc] GC(12) Pause Young (Allocation Failure) 9M->7M(11M) 2.564ms
[188.453s][info][gc] GC(13) Pause Young (Allocation Failure) 10M->10M(11M) 0.022ms
[188.461s][info][gc] GC(14) Pause Full (Allocation Failure) 10M->4M(11M) 8.119ms
[188.577s][info][gc] GC(15) Pause Young (Allocation Failure) 8M->6M(11M) 1.598ms
[188.614s][info][gc] GC(16) Pause Young (Allocation Failure) 9M->6M(11M) 1.168ms
[188.703s][info][gc] GC(17) Pause Young (Allocation Failure) 9M->6M(11M) 2.193ms
[193.912s][info][gc] GC(18) Pause Young (Allocation Failure) 10M->7M(11M) 1.755ms
[212.749s][info][gc] GC(19) Pause Young (Allocation Failure) 10M->10M(11M) 0.032ms
[212.761s][info][gc] GC(20) Pause Full (Allocation Failure) 10M->5M(11M) 11.492ms
[247.778s][info][gc] GC(21) Pause Young (Allocation Failure) 9M->5M(11M) 0.499ms
[282.809s][info][gc] GC(22) Pause Young (Allocation Failure) 9M->5M(11M) 0.330ms
[317.803s][info][gc] GC(23) Pause Young (Allocation Failure) 9M->5M(11M) 0.324ms
[342.862s][info][gc] GC(24) Pause Young (Allocation Failure) 9M->5M(11M) 0.837ms
[378.891s][info][gc] GC(25) Pause Young (Allocation Failure) 9M->5M(11M) 1.485ms
[415.854s][info][gc] GC(26) Pause Young (Allocation Failure) 9M->5M(11M) 0.359ms
